\BOOKMARK [0][-]{part.1}{\376\377\000I\000\040\000F\000o\000u\000n\000d\000a\000t\000i\000o\000n\000s\000:\000\040\000t\000h\000e\000\040\000f\000l\000o\000o\000r\000,\000\040\000p\000a\000r\000t\000s\000,\000\040\000a\000n\000d\000\040\000t\000h\000e\000\040\000w\000h\000o\000l\000e}{}% 1
\BOOKMARK [1][-]{section.1}{\376\377\000I\000n\000t\000r\000o\000d\000u\000c\000t\000i\000o\000n}{part.1}% 2
\BOOKMARK [2][-]{subsection.1.1}{\376\377\000A\000\040\000b\000l\000a\000n\000k\000\040\000s\000u\000r\000f\000a\000c\000e}{section.1}% 3
\BOOKMARK [2][-]{subsection.1.2}{\376\377\000P\000l\000a\000y\000e\000r\000s\000\040\000a\000n\000d\000\040\000a\000\040\000c\000o\000n\000d\000u\000c\000t\000o\000r}{section.1}% 4
\BOOKMARK [2][-]{subsection.1.3}{\376\377\000T\000h\000e\000\040\000t\000h\000e\000s\000i\000s}{section.1}% 5
\BOOKMARK [2][-]{subsection.1.4}{\376\377\000M\000e\000t\000h\000o\000d}{section.1}% 6
\BOOKMARK [1][-]{section.2}{\376\377\000C\000o\000n\000t\000a\000c\000t\000\040\000g\000r\000a\000p\000h\000s\000\040\000a\000n\000d\000\040\000t\000h\000e\000\040\000f\000l\000o\000o\000r}{part.1}% 7
\BOOKMARK [1][-]{section.3}{\376\377\000I\000d\000e\000n\000t\000i\000t\000y\000,\000\040\000c\000o\000r\000r\000e\000c\000t\000n\000e\000s\000s\000,\000\040\000a\000n\000d\000\040\000t\000h\000e\000\040\000a\000c\000t\000i\000o\000n\000\040\000c\000e\000l\000l}{part.1}% 8
\BOOKMARK [1][-]{section.4}{\376\377\000N\000o\000\040\000l\000o\000c\000a\000l\000\040\000n\000e\000c\000e\000s\000s\000i\000t\000y}{part.1}% 9
\BOOKMARK [0][-]{part.2}{\376\377\000I\000I\000\040\000T\000h\000e\000\040\000f\000e\000d\000e\000r\000a\000t\000i\000o\000n\000\040\000a\000n\000d\000\040\000t\000h\000e\000\040\000t\000h\000r\000e\000e\000\040\000m\000e\000a\000s\000u\000r\000e\000m\000e\000n\000t\000s}{}% 10
\BOOKMARK [1][-]{section.5}{\376\377\000M\000o\000d\000u\000l\000e\000s\000,\000\040\000l\000a\000n\000g\000u\000a\000g\000e\000s\000,\000\040\000a\000n\000d\000\040\000t\000h\000e\000\040\000o\000r\000c\000h\000e\000s\000t\000r\000a\000t\000o\000r}{part.2}% 11
\BOOKMARK [1][-]{section.6}{\376\377\000C\000o\000n\000t\000r\000i\000b\000u\000t\000i\000o\000n\000:\000\040\000t\000h\000e\000\040\000n\000e\000c\000e\000s\000s\000i\000t\000y\000\040\000o\000f\000\040\000a\000\040\000s\000i\000n\000g\000l\000e\000\040\000t\000a\000s\000k}{part.2}% 12
\BOOKMARK [1][-]{section.7}{\376\377\000H\000o\000l\000o\000n\000o\000m\000y\000:\000\040\000n\000e\000c\000e\000s\000s\000i\000t\000y\000\040\000a\000r\000o\000u\000n\000d\000\040\000a\000\040\000c\000y\000c\000l\000e}{part.2}% 13
\BOOKMARK [1][-]{section.8}{\376\377\000T\000h\000e\000\040\000o\000r\000d\000e\000r\000\040\000p\000a\000r\000a\000m\000e\000t\000e\000r\000:\000\040\000c\000o\000n\000v\000e\000r\000g\000e\000n\000c\000e\000\040\000o\000n\000\040\000o\000n\000e\000\040\000g\000o\000a\000l}{part.2}% 14
\BOOKMARK [0][-]{part.3}{\376\377\000I\000I\000I\000\040\000T\000h\000e\000\040\000l\000a\000n\000g\000u\000a\000g\000e\000,\000\040\000t\000h\000e\000\040\000c\000e\000l\000l\000\040\000o\000f\000\040\000p\000l\000a\000n\000s\000,\000\040\000a\000n\000d\000\040\000t\000h\000e\000\040\000c\000o\000n\000d\000u\000c\000t\000o\000r}{}% 15
\BOOKMARK [1][-]{section.9}{\376\377\000k\000w\000a\000s\000a\000-\000k\000w\000a\000s\000a\000\040\000a\000s\000\040\000a\000\040\000t\000y\000p\000e\000d\000\040\000c\000o\000m\000p\000i\000l\000e\000r\000\040\000w\000i\000t\000h\000\040\000a\000\040\000n\000e\000c\000e\000s\000s\000i\000t\000y\000\040\000g\000a\000t\000e}{part.3}% 16
\BOOKMARK [1][-]{section.10}{\376\377\000O\000r\000c\000h\000e\000s\000t\000r\000a\000t\000i\000o\000n\000\040\000c\000o\000n\000v\000e\000r\000g\000e\000s\000\040\000t\000o\000\040\000a\000\040\000r\000e\000g\000i\000o\000n\000\040\000o\000f\000\040\000p\000l\000a\000n\000s}{part.3}% 17
\BOOKMARK [1][-]{section.11}{\376\377\000T\000h\000e\000\040\000c\000o\000n\000d\000u\000c\000t\000o\000r\000\040\000i\000s\000\040\000i\000n\000d\000i\000s\000p\000e\000n\000s\000a\000b\000l\000e}{part.3}% 18
\BOOKMARK [2][-]{subsection.11.1}{\376\377\000C\000o\000m\000p\000u\000t\000a\000t\000i\000o\000n\000a\000l\000\040\000n\000o\000t\000e}{section.11}% 19
\BOOKMARK [2][-]{subsection.11.2}{\376\377\000S\000c\000o\000p\000e}{section.11}% 20
\BOOKMARK [2][-]{subsection.11.3}{\376\377\000C\000o\000n\000c\000l\000u\000s\000i\000o\000n}{section.11}% 21
